//IMPLEMENTACIÓN
//TODO: Xmal - Quitar comentarios en bloque para implementación [ assets\js\views\solicitud\registro.js ]
//TODO: Xmal - Quitar comentarios en bloque para implementación [ assets\js\utils\dynamicTabs.js ]
//TODO: Xmal - Quitar comentarios al implementar [ assets\js\views\solicitud\index.js ]
//TODO: Xmal - Quitar línea al implementar [ application\controllers\Reportes.php ]

//TODO: Xmal - Quitar línea de código al implementar [ assets\js\views\solicitud\index.js ] 
//TODO: Xmal - Quitar el comentario de la siguiente línea de código al implementar [ application\controllers\Reportes.php ]

//TODO: Xmal - Implementar la impresión [ assets\js\views\solicitud\index.js ]
[
    - Sustituir los campos del modelo [ function altaElemento ]
]


//BLOQUE DE CÓDIGO PARA DECODIFICAR IMAGEN GUARDADA EN BD Y ESCRIBIRLA EN ARCHIVO
/*
 $binHex = prepareImageDBString($binaryFile);
 $binary = prepareImageString($binHex);
 file_put_contents('PruebaDeImagenSubidaABD.jpg', $binary); 
*/

//TODO: agregar filtro "Las solicitudes creadas por el usuario que pertenece al C4 o sea SuperAdministrador deberán mostrarse en el listado aunque su estatus sea PENDIENTE." [ application\models\SOLICITUD_model.php ]