//IMPLEMENTACIÓN

//TOTO: Xmal - Revisar porque no se muestra la alerta de modificación antes de cambiar de tab cuando se está en modo edición y con datos populados en los controles.
//TODO: Xmal - Continuar con la implementación de llenado de información en controles para la solicitud en modalidad edición... contunuar a partir de la ficha laboral / empleos diversos

//REPORTES
    //TODO: Xmal - Quitar comentarios al implementar [ assets\js\views\solicitud\index.js ]
    //TODO: Xmal - Quitar línea al implementar [ application\controllers\Reportes.php ]
    //TODO: Xmal - Quitar línea de código al implementar [ assets\js\views\solicitud\index.js ] 

//TODO: Xmal - Implementar la impresión [ assets\js\views\solicitud\index.js ]
[
    - Sustituir los campos del modelo [ function altaElemento ]
]

//BLOQUE DE CÓDIGO PARA DECODIFICAR IMAGEN GUARDADA EN BD Y ESCRIBIRLA EN ARCHIVO
/*
 $binHex = prepareImageDBString($binaryFile);
 $binary = prepareImageString($binHex);
 file_put_contents('PruebaDeImagenSubidaABD.jpg', $binary); 
*/